// Jest Snapshot v1, https://goo.gl/fbAQLP

exports[`ProductGridItem Component ProductGridItem Snapshot 1`] = `
<DocumentFragment>
  <div
    class="sc-bdvvaa grImBg"
  >
    <img
      class="sc-gsDJrp ivitjl"
      src=""
    />
    <div
      class="sc-dkPtyc hevdYk"
    >
      <div
        class="sc-hKwCoD eZrVPk"
      >
        <span
          class="sc-eCImvq cWdtSg"
        >
          이름
        </span>
        <span
          class="sc-jRQAMF lgyETR"
        >
          2000 원
        </span>
      </div>
      <img
        class="sc-gKckTs"
        src="shopping-cart-dark.svg"
      />
    </div>
  </div>
</DocumentFragment>
`;
